// Jest Snapshot v1, https://goo.gl/fbAQLP

exports[`<Book /> renders correctly 1`] = `
<ol
  className="booklist"
>
  <li
    className="book"
  />
  <li
    className="book"
  />
  <li
    className="book"
  />
</ol>
`;
